Microchip MPLAB XC8 Compiler V2.31

Linker command line:

-W-3 --edf=C:\Program Files\Microchip\xc8\v2.31\pic\dat\en_msgs.txt -cn \
  -h+dist/default/production\p1_slave2.X.production.sym \
  --cmf=dist/default/production\p1_slave2.X.production.cmf -z -Q16F887 \
  -oC:\Users\brand\AppData\Local\Temp\s85k.2 --defsym=__MPLAB_BUILD=1 \
  -Mdist/default/production/p1_slave2.X.production.map -E1 \
  -ver=XC8 Compiler --acfsm=1493 -ASTACK=0110h-016Fh -pstack=STACK \
  -ACODE=00h-07FFhx4 -ASTRCODE=00h-01FFFh -ASTRING=00h-0FFhx32 \
  -ACONST=00h-0FFhx32 -AENTRY=00h-0FFhx32 -ACOMMON=070h-07Fh \
  -ABANK0=020h-06Fh -ABANK1=0A0h-0EFh -ABANK2=0110h-016Fh \
  -ABANK3=0190h-01EFh -ARAM=020h-06Fh,0A0h-0EFh,0110h-016Fh,0190h-01EFh \
  -AABS1=020h-07Fh,0A0h-0EFh,0110h-016Fh,0190h-01EFh -ASFR0=00h-01Fh \
  -ASFR1=080h-09Fh -ASFR2=0100h-010Fh -ASFR3=0180h-018Fh \
  -ACONFIG=02007h-02008h -DCONFIG=2 -AIDLOC=02000h-02003h -DIDLOC=2 \
  -AEEDATA=00h-0FFh/02100h -peeprom_data=EEDATA -DEEDATA=2 -DCODE=2 \
  -DSTRCODE=2 -DSTRING=2 -DCONST=2 -DENTRY=2 \
  -preset_vec=00h,intentry=04h,init,end_init -ppowerup=CODE -pcinit=CODE \
  -pfunctab=ENTRY -k C:\Users\brand\AppData\Local\Temp\s85k.o \
  dist/default/production\p1_slave2.X.production.o 

Object code version is 3.11

Machine type is 16F887



                Name                               Link     Load   Length Selector   Space Scale
C:\Users\brand\AppData\Local\Temp\s85k.o
                end_init                              C        C        3        8       0
                reset_vec                             0        0        3        0       0
                config                             2007     2007        2        0       4
dist/default/production\p1_slave2.X.production.o
                cinit                                 F        F       13        8       0
                intentry                              4        4        8        8       0
                config                             2007     2007        2        0       4
                text8                               17A      17A       5F        8       0
                text7                               296      296       1E        8       0
                text6                               234      234       42        8       0
                text5                               2B4      2B4       1B        8       0
                text4                               111      111       69        8       0
                text3                               1D9      1D9       5B        8       0
                text2                               2CF      2CF       1A        8       0
                text1                               276      276       20        8       0
                maintext                             22       22       EF        8       0
                cstackBANK0                          20       20        D       20       1
                cstackCOMMON                         70       70        7       70       1
                bssBANK0                             2D       2D        9       20       1
                bssCOMMON                            77       77        4       70       1

TOTAL           Name                               Link     Load   Length     Space
        CLASS   STACK          

        CLASS   CODE           
                end_init                              C        C        3         0
                cinit                                 F        F       13         0
                intentry                              4        4        8         0
                reset_vec                             0        0        3         0
                text8                               17A      17A       5F         0
                text7                               296      296       1E         0
                text6                               234      234       42         0
                text5                               2B4      2B4       1B         0
                text4                               111      111       69         0
                text3                               1D9      1D9       5B         0
                text2                               2CF      2CF       1A         0
                text1                               276      276       20         0
                maintext                             22       22       EF         0

        CLASS   STRCODE        

        CLASS   STRING         

        CLASS   CONST          

        CLASS   ENTRY          

        CLASS   COMMON         
                cstackCOMMON                         70       70        7         1
                bssCOMMON                            77       77        4         1

        CLASS   BANK0          
                cstackBANK0                          20       20        D         1
                bssBANK0                             2D       2D        9         1

        CLASS   BANK1          

        CLASS   BANK2          

        CLASS   BANK3          

        CLASS   RAM            

        CLASS   ABS1           
                abs_s1                               7E       7E        2         1

        CLASS   SFR0           

        CLASS   SFR1           

        CLASS   SFR2           

        CLASS   SFR3           

        CLASS   CONFIG         
                config                             2007     2007        2         4

        CLASS   IDLOC          

        CLASS   EEDATA         



SEGMENTS        Name                           Load    Length   Top    Selector   Space  Class     Delta

                reset_vec                      000000  000003  000003         0       0  CODE        2
                intentry                       000004  0002E5  0002E9         8       0  CODE        2
                cstackBANK0                    000020  000016  000036        20       1  BANK0       1
                cstackCOMMON                   000070  00000B  00007B        70       1  COMMON      1


UNUSED ADDRESS RANGES

        Name                Unused          Largest block    Delta
        BANK0            0036-006F             3A           1
        BANK1            00A0-00EF             50           1
        BANK2            0110-016F             60           1
        BANK3            0190-01EF             60           1
        CODE             0003-0003              1           2
                         02E9-1FFF            800
        COMMON           007B-007D              3           1
        CONST            0003-0003              1           2
                         02E9-1FFF            100
        EEDATA           2100-21FF            100           2
        ENTRY            0003-0003              1           2
                         02E9-1FFF            100
        IDLOC            2000-2003              4           2
        RAM              0036-006F             3A           1
                         00A0-00EF             50
                         0110-016F             60
                         0190-01EF             60
        SFR0             0000-001F             20           1
        SFR1             0080-009F             20           1
        SFR2             0100-010F             10           1
        SFR3             0180-018F             10           1
        STACK            0110-016F             60           1
        STRCODE          0003-0003              1           2
                         02E9-1FFF           1D17
        STRING           0003-0003              1           2
                         02E9-1FFF            100

                                  Symbol Table

?___awdiv                cstackCOMMON 0073
?___awmod                cstackCOMMON 0073
I2C_Slave_Init@address   cstackCOMMON 0073
ReadData@i               cstackCOMMON 0075
ReadData@j               cstackCOMMON 0076
_ADCON0bits              (abs)        001F
_ADCON1bits              (abs)        009F
_ADRESH                  (abs)        001E
_ANSEL                   (abs)        0188
_ANSELH                  (abs)        0189
_BF                      (abs)        04A0
_Check                   bssCOMMON    007A
_CheckResponse           text7        0296
_GIE                     (abs)        005F
_I2C_Slave_Init          text2        02CF
_INTCONbits              (abs)        000B
_OSCCONbits              (abs)        008F
_PEIE                    (abs)        005E
_PIE1bits                (abs)        008C
_PIR1bits                (abs)        000C
_PORTA                   (abs)        0005
_PORTAbits               (abs)        0005
_PORTB                   (abs)        0006
_PORTC                   (abs)        0007
_PORTD                   (abs)        0008
_PORTE                   (abs)        0009
_RH_byte1                bssCOMMON    0077
_RH_byte2                bssBANK0     002F
_ReadData                text6        0234
_SSPADD                  (abs)        0093
_SSPBUF                  (abs)        0013
_SSPCON                  (abs)        0014
_SSPCON2                 (abs)        0091
_SSPCON2bits             (abs)        0091
_SSPCONbits              (abs)        0014
_SSPIE                   (abs)        0463
_SSPIF                   (abs)        0063
_SSPSTAT                 (abs)        0094
_SSPSTATbits             (abs)        0094
_StartSignal             text5        02B4
_Sum                     bssBANK0     002D
_TRISA                   (abs)        0085
_TRISAbits               (abs)        0085
_TRISB                   (abs)        0086
_TRISC3                  (abs)        043B
_TRISC4                  (abs)        043C
_TRISCbits               (abs)        0087
_TRISD                   (abs)        0088
_TRISE                   (abs)        0089
_T_byte1                 bssCOMMON    0078
_T_byte2                 bssBANK0     0030
__Habs1                  abs1         0000
__Hbank0                 bank0        0000
__Hbank1                 bank1        0000
__Hbank2                 bank2        0000
__Hbank3                 bank3        0000
__HbssBANK0              bssBANK0     0000
__HbssCOMMON             bssCOMMON    0000
__Hcinit                 cinit        0022
__Hclrtext               clrtext      0000
__Hcode                  code         0000
__Hcommon                common       0000
__Hconfig                config       2009
__HcstackBANK0           cstackBANK0  0000
__HcstackCOMMON          cstackCOMMON 0000
__Heeprom_data           eeprom_data  0000
__Hend_init              end_init     000F
__Hfunctab               functab      0000
__Hinit                  init         000C
__Hintentry              intentry     000C
__Hmaintext              maintext     0000
__Hpowerup               powerup      0000
__Hram                   ram          0000
__Hreset_vec             reset_vec    0003
__Hsfr0                  sfr0         0000
__Hsfr1                  sfr1         0000
__Hsfr2                  sfr2         0000
__Hsfr3                  sfr3         0000
__Hspace_0               (abs)        02E9
__Hspace_1               (abs)        007B
__Hspace_2               (abs)        0000
__Hspace_3               (abs)        0000
__Hspace_4               (abs)        4010
__Hstack                 stack        0000
__Hstrings               strings      0000
__Htext                  text         0000
__Labs1                  abs1         0000
__Lbank0                 bank0        0000
__Lbank1                 bank1        0000
__Lbank2                 bank2        0000
__Lbank3                 bank3        0000
__LbssBANK0              bssBANK0     0000
__LbssCOMMON             bssCOMMON    0000
__Lcinit                 cinit        000F
__Lclrtext               clrtext      0000
__Lcode                  code         0000
__Lcommon                common       0000
__Lconfig                config       0000
__LcstackBANK0           cstackBANK0  0000
__LcstackCOMMON          cstackCOMMON 0000
__Leeprom_data           eeprom_data  0000
__Lend_init              end_init     000C
__Lfunctab               functab      0000
__Linit                  init         000C
__Lintentry              intentry     0004
__Lmaintext              maintext     0000
__Lpowerup               powerup      0000
__Lram                   ram          0000
__Lreset_vec             reset_vec    0000
__Lsfr0                  sfr0         0000
__Lsfr1                  sfr1         0000
__Lsfr2                  sfr2         0000
__Lsfr3                  sfr3         0000
__Lspace_0               (abs)        0000
__Lspace_1               (abs)        0000
__Lspace_2               (abs)        0000
__Lspace_3               (abs)        0000
__Lspace_4               (abs)        0000
__Lstack                 stack        0000
__Lstrings               strings      0000
__Ltext                  text         0000
__S0                     (abs)        02E9
__S1                     (abs)        007B
__S2                     (abs)        0000
__S3                     (abs)        0000
___awdiv                 text4        0111
___awdiv@counter         cstackBANK0  0021
___awdiv@dividend        cstackCOMMON 0075
___awdiv@divisor         cstackCOMMON 0073
___awdiv@quotient        cstackBANK0  0023
___awdiv@sign            cstackBANK0  0022
___awmod                 text3        01D9
___awmod@counter         cstackBANK0  0021
___awmod@dividend        cstackCOMMON 0075
___awmod@divisor         cstackCOMMON 0073
___awmod@sign            cstackBANK0  0022
___int_sp                stack        0000
___latbits               (abs)        0002
___sp                    stack        0000
___stackhi               (abs)        0000
___stacklo               (abs)        0000
__end_of_CheckResponse   text7        02B4
__end_of_I2C_Slave_Init  text2        02E9
__end_of_ReadData        text6        0276
__end_of_StartSignal     text5        02CF
__end_of___awdiv         text4        017A
__end_of___awmod         text3        0234
__end_of__initialization cinit        001E
__end_of_isr             text8        01D9
__end_of_main            maintext     0111
__end_of_setup           text1        0296
__initialization         cinit        000F
__pbssBANK0              bssBANK0     002D
__pbssCOMMON             bssCOMMON    0077
__pcstackBANK0           cstackBANK0  0020
__pcstackCOMMON          cstackCOMMON 0070
__pintentry              intentry     0004
__pmaintext              maintext     0022
__ptext1                 text1        0276
__ptext2                 text2        02CF
__ptext3                 text3        01D9
__ptext4                 text4        0111
__ptext5                 text5        02B4
__ptext6                 text6        0234
__ptext7                 text7        0296
__ptext8                 text8        017A
__size_of_CheckResponse  (abs)        0000
__size_of_I2C_Slave_Init (abs)        0000
__size_of_ReadData       (abs)        0000
__size_of_StartSignal    (abs)        0000
__size_of___awdiv        (abs)        0000
__size_of___awmod        (abs)        0000
__size_of_isr            (abs)        0000
__size_of_main           (abs)        0000
__size_of_setup          (abs)        0000
_decHR                   bssBANK0     0031
_decT                    bssBANK0     0033
_isr                     text8        017A
_main                    maintext     0022
_setup                   text1        0276
_uniHR                   bssBANK0     0032
_uniT                    bssCOMMON    0079
_var                     bssBANK0     0034
btemp                    (abs)        007E
end_of_initialization    cinit        001E
interrupt_function       intentry     0004
intlevel0                functab      0000
intlevel1                functab      0000
intlevel2                functab      0000
intlevel3                functab      0000
intlevel4                functab      0000
intlevel5                functab      0000
reset_vec                reset_vec    0000
saved_w                  (abs)        007E
start                    init         000C
start_initialization     cinit        000F
wtemp0                   (abs)        007E


FUNCTION INFORMATION:

 *************** function _main *****************
 Defined at:
		line 114 in file "slave2_main.c"
 Parameters:    Size  Location     Type
		None
 Auto vars:     Size  Location     Type
		None
 Return value:  Size  Location     Type
                  1    wreg      void 
 Registers used:
		wreg, status,2, status,0, pclath, cstack
 Tracked objects:
		On entry : 
		On exit  : 
		Unchanged: 
 Data sizes:     COMMON   BANK0   BANK1   BANK3   BANK2
      Params:         0       0       0       0       0
      Locals:         0       0       0       0       0
      Temps:          0       8       0       0       0
      Totals:         0       8       0       0       0
Total ram usage:        8 bytes
 Hardware stack levels required when called:    3
 This function calls:
		_CheckResponse
		_ReadData
		_StartSignal
		___awdiv
		___awmod
		_setup
 This function is called by:
		Startup code after reset
 This function uses a non-reentrant model


 *************** function _setup *****************
 Defined at:
		line 154 in file "slave2_main.c"
 Parameters:    Size  Location     Type
		None
 Auto vars:     Size  Location     Type
		None
 Return value:  Size  Location     Type
                  1    wreg      void 
 Registers used:
		wreg, status,2, status,0, pclath, cstack
 Tracked objects:
		On entry : 
		On exit  : 
		Unchanged: 
 Data sizes:     COMMON   BANK0   BANK1   BANK3   BANK2
      Params:         0       0       0       0       0
      Locals:         0       0       0       0       0
      Temps:          0       0       0       0       0
      Totals:         0       0       0       0       0
Total ram usage:        0 bytes
 Hardware stack levels used:    1
 Hardware stack levels required when called:    2
 This function calls:
		_I2C_Slave_Init
 This function is called by:
		_main
 This function uses a non-reentrant model


 *************** function _I2C_Slave_Init *****************
 Defined at:
		line 93 in file "I2C.c"
 Parameters:    Size  Location     Type
  address         1    wreg     unsigned char 
 Auto vars:     Size  Location     Type
  address         1    3[COMMON] unsigned char 
 Return value:  Size  Location     Type
                  1    wreg      void 
 Registers used:
		wreg
 Tracked objects:
		On entry : 
		On exit  : 
		Unchanged: 
 Data sizes:     COMMON   BANK0   BANK1   BANK3   BANK2
      Params:         0       0       0       0       0
      Locals:         1       0       0       0       0
      Temps:          0       0       0       0       0
      Totals:         1       0       0       0       0
Total ram usage:        1 bytes
 Hardware stack levels used:    1
 Hardware stack levels required when called:    1
 This function calls:
		Nothing
 This function is called by:
		_setup
 This function uses a non-reentrant model


 *************** function ___awmod *****************
 Defined at:
		line 5 in file "C:\Program Files\Microchip\xc8\v2.31\pic\sources\c90\common\awmod.c"
 Parameters:    Size  Location     Type
  divisor         2    3[COMMON] int 
  dividend        2    5[COMMON] int 
 Auto vars:     Size  Location     Type
  sign            1    2[BANK0 ] unsigned char 
  counter         1    1[BANK0 ] unsigned char 
 Return value:  Size  Location     Type
                  2    3[COMMON] int 
 Registers used:
		wreg, status,2, status,0
 Tracked objects:
		On entry : 
		On exit  : 
		Unchanged: 
 Data sizes:     COMMON   BANK0   BANK1   BANK3   BANK2
      Params:         4       0       0       0       0
      Locals:         0       2       0       0       0
      Temps:          0       1       0       0       0
      Totals:         4       3       0       0       0
Total ram usage:        7 bytes
 Hardware stack levels used:    1
 Hardware stack levels required when called:    1
 This function calls:
		Nothing
 This function is called by:
		_main
 This function uses a non-reentrant model


 *************** function ___awdiv *****************
 Defined at:
		line 5 in file "C:\Program Files\Microchip\xc8\v2.31\pic\sources\c90\common\awdiv.c"
 Parameters:    Size  Location     Type
  divisor         2    3[COMMON] int 
  dividend        2    5[COMMON] int 
 Auto vars:     Size  Location     Type
  quotient        2    3[BANK0 ] int 
  sign            1    2[BANK0 ] unsigned char 
  counter         1    1[BANK0 ] unsigned char 
 Return value:  Size  Location     Type
                  2    3[COMMON] int 
 Registers used:
		wreg, status,2, status,0
 Tracked objects:
		On entry : 
		On exit  : 
		Unchanged: 
 Data sizes:     COMMON   BANK0   BANK1   BANK3   BANK2
      Params:         4       0       0       0       0
      Locals:         0       4       0       0       0
      Temps:          0       1       0       0       0
      Totals:         4       5       0       0       0
Total ram usage:        9 bytes
 Hardware stack levels used:    1
 Hardware stack levels required when called:    1
 This function calls:
		Nothing
 This function is called by:
		_main
 This function uses a non-reentrant model


 *************** function _StartSignal *****************
 Defined at:
		line 187 in file "slave2_main.c"
 Parameters:    Size  Location     Type
		None
 Auto vars:     Size  Location     Type
		None
 Return value:  Size  Location     Type
                  1    wreg      void 
 Registers used:
		wreg
 Tracked objects:
		On entry : 
		On exit  : 
		Unchanged: 
 Data sizes:     COMMON   BANK0   BANK1   BANK3   BANK2
      Params:         0       0       0       0       0
      Locals:         0       0       0       0       0
      Temps:          2       0       0       0       0
      Totals:         2       0       0       0       0
Total ram usage:        2 bytes
 Hardware stack levels used:    1
 Hardware stack levels required when called:    1
 This function calls:
		Nothing
 This function is called by:
		_main
 This function uses a non-reentrant model


 *************** function _ReadData *****************
 Defined at:
		line 212 in file "slave2_main.c"
 Parameters:    Size  Location     Type
		None
 Auto vars:     Size  Location     Type
  j               1    6[COMMON] unsigned char 
  i               1    5[COMMON] unsigned char 
 Return value:  Size  Location     Type
                  1    wreg      unsigned char 
 Registers used:
		wreg, status,2, status,0
 Tracked objects:
		On entry : 
		On exit  : 
		Unchanged: 
 Data sizes:     COMMON   BANK0   BANK1   BANK3   BANK2
      Params:         0       0       0       0       0
      Locals:         2       0       0       0       0
      Temps:          2       0       0       0       0
      Totals:         4       0       0       0       0
Total ram usage:        4 bytes
 Hardware stack levels used:    1
 Hardware stack levels required when called:    1
 This function calls:
		Nothing
 This function is called by:
		_main
 This function uses a non-reentrant model


 *************** function _CheckResponse *****************
 Defined at:
		line 198 in file "slave2_main.c"
 Parameters:    Size  Location     Type
		None
 Auto vars:     Size  Location     Type
		None
 Return value:  Size  Location     Type
                  1    wreg      void 
 Registers used:
		wreg, status,2
 Tracked objects:
		On entry : 
		On exit  : 
		Unchanged: 
 Data sizes:     COMMON   BANK0   BANK1   BANK3   BANK2
      Params:         0       0       0       0       0
      Locals:         0       0       0       0       0
      Temps:          1       0       0       0       0
      Totals:         1       0       0       0       0
Total ram usage:        1 bytes
 Hardware stack levels used:    1
 Hardware stack levels required when called:    1
 This function calls:
		Nothing
 This function is called by:
		_main
 This function uses a non-reentrant model


 *************** function _isr *****************
 Defined at:
		line 69 in file "slave2_main.c"
 Parameters:    Size  Location     Type
		None
 Auto vars:     Size  Location     Type
		None
 Return value:  Size  Location     Type
                  1    wreg      void 
 Registers used:
		wreg
 Tracked objects:
		On entry : 
		On exit  : 
		Unchanged: 
 Data sizes:     COMMON   BANK0   BANK1   BANK3   BANK2
      Params:         0       0       0       0       0
      Locals:         0       0       0       0       0
      Temps:          3       0       0       0       0
      Totals:         3       0       0       0       0
Total ram usage:        3 bytes
 Hardware stack levels used:    1
 This function calls:
		Nothing
 This function is called by:
		Interrupt level 1
 This function uses a non-reentrant model



MODULE INFORMATION

Module		Function		Class		Link	Load	Size
slave2_main.c
		_CheckResponse 		CODE           	0296	0000	30
		_StartSignal   		CODE           	02B4	0000	27
		_main          		CODE           	0022	0000	239
		_isr           		CODE           	017A	0000	95
		_ReadData      		CODE           	0234	0000	66
		_setup         		CODE           	0276	0000	32

slave2_main.c estimated size: 489

C:\Program Files\Microchip\xc8\v2.31\pic\sources\c90\common\awmod.c
		___awmod       		CODE           	01D9	0000	91

C:\Program Files\Microchip\xc8\v2.31\pic\sources\c90\common\awmod.c estimated size: 91

I2C.c
		_I2C_Slave_Init		CODE           	02CF	0000	26

I2C.c estimated size: 26

C:\Program Files\Microchip\xc8\v2.31\pic\sources\c90\common\awdiv.c
		___awdiv       		CODE           	0111	0000	105

C:\Program Files\Microchip\xc8\v2.31\pic\sources\c90\common\awdiv.c estimated size: 105

shared
		__initialization		CODE           	000F	0000	15

shared estimated size: 15

