Microchip MPLAB XC8 Compiler V2.31

Linker command line:

-W-3 --edf=C:\Program Files\Microchip\xc8\v2.31\pic\dat\en_msgs.txt -cn \
  -h+dist/default/production\p1_master.X.production.sym \
  --cmf=dist/default/production\p1_master.X.production.cmf -z -Q16F887 \
  -oC:\Users\brand\AppData\Local\Temp\s26g.2 --defsym=__MPLAB_BUILD=1 \
  -Mdist/default/production/p1_master.X.production.map -E1 \
  -ver=XC8 Compiler --acfsm=1493 -ASTACK=0110h-016Fh -pstack=STACK \
  -ACODE=00h-07FFhx4 -ASTRCODE=00h-01FFFh -ASTRING=00h-0FFhx32 \
  -ACONST=00h-0FFhx32 -AENTRY=00h-0FFhx32 -ACOMMON=070h-07Fh \
  -ABANK0=020h-06Fh -ABANK1=0A0h-0EFh -ABANK2=0110h-016Fh \
  -ABANK3=0190h-01EFh -ARAM=020h-06Fh,0A0h-0EFh,0110h-016Fh,0190h-01EFh \
  -AABS1=020h-07Fh,0A0h-0EFh,0110h-016Fh,0190h-01EFh -ASFR0=00h-01Fh \
  -ASFR1=080h-09Fh -ASFR2=0100h-010Fh -ASFR3=0180h-018Fh \
  -ACONFIG=02007h-02008h -DCONFIG=2 -AIDLOC=02000h-02003h -DIDLOC=2 \
  -AEEDATA=00h-0FFh/02100h -peeprom_data=EEDATA -DEEDATA=2 -DCODE=2 \
  -DSTRCODE=2 -DSTRING=2 -DCONST=2 -DENTRY=2 \
  -preset_vec=00h,intentry=04h,init,end_init -ppowerup=CODE -pcinit=CODE \
  -pfunctab=ENTRY -k C:\Users\brand\AppData\Local\Temp\s26g.o \
  dist/default/production\p1_master.X.production.o 

Object code version is 3.11

Machine type is 16F887



                Name                               Link     Load   Length Selector   Space Scale
C:\Users\brand\AppData\Local\Temp\s26g.o
                end_init                              E        E        3        8       0
                reset_vec                             0        0        3        0       0
                config                             2007     2007        2        0       4
dist/default/production\p1_master.X.production.o
                cinit                                11       11       1D        8       0
                intentry                              4        4        A        8       0
                config                             2007     2007        2        0       4
                text26                              C4B      C4B       15     1896       0
                text25                              58B      58B      162        8       0
                text24                              C1E      C1E        D     183C       0
                text23                              D36      D36       32     1A6C       0
                text22                              C0B      C0B        9     1816       0
                text21                              7F7      7F7        9        8       0
                text20                              C14      C14        A     1828       0
                text19                              BFD      BFD        6     17FA       0
                text18                              C60      C60       1C     18C0       0
                text17                              C2B      C2B        D     1856       0
                text16                              7A9      7A9       4E        8       0
                text15                              DE8      DE8       58     1BD0       0
                text14                              C7C      C7C       20     18F8       0
                text13                              CE4      CE4       29     19C8       0
                text12                              DA2      DA2       46     1B44       0
                text11                              CBD      CBD       27     197A       0
                text10                              F10      F10       74     1E20       0
                text9                               D0D      D0D       29     1A1A       0
                text8                                2E       2E      361        8       0
                text7                               F84      F84       7C     1F08       0
                text6                               6ED      6ED       BC        8       0
                text5                               C9C      C9C       21     1938       0
                text4                               C38      C38       13     1870       0
                text3                               E40      E40       68     1C80       0
                text2                               D68      D68       3A     1AD0       0
                text1                               EA8      EA8       68     1D50       0
                maintext                            38F      38F      1FC        8       0
                cstackBANK0                          20       20       36       20       1
                cstackCOMMON                         70       70        B       70       1
                clrtext                             C03      C03        8     1806       0
                bssBANK1                             A0       A0        5       A0       1
                dataBANK0                            6F       6F        1       20       1
                bssBANK0                             56       56       19       20       1
                bssCOMMON                            7B       7B        3       70       1
                strings                             800      800       1F     1000       0
                idataBANK0                            3        3        1        0       0

TOTAL           Name                               Link     Load   Length     Space
        CLASS   STACK          

        CLASS   CODE           
                end_init                              E        E        3         0
                cinit                                11       11       1D         0
                intentry                              4        4        A         0
                reset_vec                             0        0        3         0
                text26                              C4B      C4B       15         0
                text25                              58B      58B      162         0
                text24                              C1E      C1E        D         0
                text23                              D36      D36       32         0
                text22                              C0B      C0B        9         0
                text21                              7F7      7F7        9         0
                text20                              C14      C14        A         0
                text19                              BFD      BFD        6         0
                text18                              C60      C60       1C         0
                text17                              C2B      C2B        D         0
                text16                              7A9      7A9       4E         0
                text15                              DE8      DE8       58         0
                text14                              C7C      C7C       20         0
                text13                              CE4      CE4       29         0
                text12                              DA2      DA2       46         0
                text11                              CBD      CBD       27         0
                text10                              F10      F10       74         0
                text9                               D0D      D0D       29         0
                text8                                2E       2E      361         0
                text7                               F84      F84       7C         0
                text6                               6ED      6ED       BC         0
                text5                               C9C      C9C       21         0
                text4                               C38      C38       13         0
                text3                               E40      E40       68         0
                text2                               D68      D68       3A         0
                text1                               EA8      EA8       68         0
                maintext                            38F      38F      1FC         0
                clrtext                             C03      C03        8         0
                idataBANK0                            3        3        1         0

        CLASS   STRCODE        

        CLASS   STRING         
                strings                             800      800       1F         0

        CLASS   CONST          

        CLASS   ENTRY          

        CLASS   COMMON         
                cstackCOMMON                         70       70        B         1
                bssCOMMON                            7B       7B        3         1

        CLASS   BANK0          
                cstackBANK0                          20       20       36         1
                dataBANK0                            6F       6F        1         1
                bssBANK0                             56       56       19         1

        CLASS   BANK1          
                bssBANK1                             A0       A0        5         1

        CLASS   BANK2          

        CLASS   BANK3          

        CLASS   RAM            

        CLASS   ABS1           
                abs_s1                               7E       7E        2         1

        CLASS   SFR0           

        CLASS   SFR1           

        CLASS   SFR2           

        CLASS   SFR3           

        CLASS   CONFIG         
                config                             2007     2007        2         4

        CLASS   IDLOC          

        CLASS   EEDATA         



SEGMENTS        Name                           Load    Length   Top    Selector   Space  Class     Delta

                reset_vec                      000000  000004  000004         0       0  CODE        2
                intentry                       000004  0007FC  000800         8       0  CODE        2
                cstackBANK0                    000020  000050  000070        20       1  BANK0       1
                cstackCOMMON                   000070  00000E  00007E        70       1  COMMON      1
                bssBANK1                       0000A0  000005  0000A5        A0       1  BANK1       1
                strings                        000800  00001F  00081F      1000       0  STRING      2
                text19                         000BFD  000006  000C03      17FA       0  CODE        2
                clrtext                        000C03  000008  000C0B      1806       0  CODE        2
                text22                         000C0B  000009  000C14      1816       0  CODE        2
                text20                         000C14  00000A  000C1E      1828       0  CODE        2
                text24                         000C1E  00000D  000C2B      183C       0  CODE        2
                text17                         000C2B  00000D  000C38      1856       0  CODE        2
                text4                          000C38  000013  000C4B      1870       0  CODE        2
                text26                         000C4B  000015  000C60      1896       0  CODE        2
                text18                         000C60  00001C  000C7C      18C0       0  CODE        2
                text14                         000C7C  000020  000C9C      18F8       0  CODE        2
                text5                          000C9C  000021  000CBD      1938       0  CODE        2
                text11                         000CBD  000027  000CE4      197A       0  CODE        2
                text13                         000CE4  000029  000D0D      19C8       0  CODE        2
                text9                          000D0D  000029  000D36      1A1A       0  CODE        2
                text23                         000D36  000032  000D68      1A6C       0  CODE        2
                text2                          000D68  00003A  000DA2      1AD0       0  CODE        2
                text12                         000DA2  000046  000DE8      1B44       0  CODE        2
                text15                         000DE8  000058  000E40      1BD0       0  CODE        2
                text3                          000E40  000068  000EA8      1C80       0  CODE        2
                text1                          000EA8  000068  000F10      1D50       0  CODE        2
                text10                         000F10  000074  000F84      1E20       0  CODE        2
                text7                          000F84  00007C  001000      1F08       0  CODE        2


UNUSED ADDRESS RANGES

        Name                Unused          Largest block    Delta
        BANK1            00A5-00EF             4B           1
        BANK2            0110-016F             60           1
        BANK3            0190-01EF             60           1
        CODE             081F-0BFC            3DE           2
                         1000-1FFF            800
        CONST            081F-0BFC            100           2
                         1000-1FFF            100
        EEDATA           2100-21FF            100           2
        ENTRY            081F-0BFC            100           2
                         1000-1FFF            100
        IDLOC            2000-2003              4           2
        RAM              00A5-00EF             4B           1
                         0110-016F             60
                         0190-01EF             60
        SFR0             0000-001F             20           1
        SFR1             0080-009F             20           1
        SFR2             0100-010F             10           1
        SFR3             0180-018F             10           1
        STACK            0110-016F             60           1
        STRCODE          081F-0BFC            3DE           2
                         1000-1FFF           1000
        STRING           081F-0BFC            100           2
                         1000-1FFF            100

                                  Symbol Table

?_I2C_Master_Read          cstackBANK0  0020
?__Umul8_16                cstackBANK0  0020
?___flmul                  cstackBANK0  002E
?___fltol                  cstackBANK0  0048
?___lldiv                  cstackBANK0  0020
?___lwdiv                  cstackBANK0  0020
?___wmul                   cstackBANK0  0020
?___xxtofl                 cstackBANK0  0020
I2C_Master_Init@c          cstackBANK0  002E
I2C_Master_Read@a          cstackBANK0  0020
I2C_Master_Read@temp       cstackBANK0  0024
I2C_Master_Write@d         cstackBANK0  0020
Lcd_Cmd@a                  cstackBANK0  0023
Lcd_Port@a                 cstackBANK0  0020
Lcd_Set_Cursor@a           cstackBANK0  0027
Lcd_Set_Cursor@b           cstackBANK0  0024
Lcd_Set_Cursor@temp        cstackBANK0  002A
Lcd_Set_Cursor@y           cstackBANK0  0029
Lcd_Set_Cursor@z           cstackBANK0  0028
Lcd_Write_Char@a           cstackBANK0  0022
Lcd_Write_Char@temp        cstackBANK0  0023
Lcd_Write_Char@y           cstackBANK0  0024
Lcd_Write_String@a         cstackBANK0  0027
Lcd_Write_String@i         cstackBANK0  0025
VAL@valor                  cstackBANK0  002C
VAL@variable               cstackBANK0  0028
_ANSEL                     (abs)        0188
_ANSELH                    (abs)        0189
_BAUDCTLbits               (abs)        0187
_CCP1CONbits               (abs)        0017
_CCP2CONbits               (abs)        001D
_CCPR1L                    (abs)        0015
_CCPR2L                    (abs)        001B
_GIE                       (abs)        005F
_I2C_Master_Init           text2        0D68
_I2C_Master_Read           text23       0D36
_I2C_Master_Start          text22       0C0B
_I2C_Master_Stop           text21       07F7
_I2C_Master_Wait           text24       0C1E
_I2C_Master_Write          text20       0C14
_INTCONbits                (abs)        000B
_Lcd_Clear                 text17       0C2B
_Lcd_Cmd                   text18       0C60
_Lcd_Init                  text16       07A9
_Lcd_Port                  text19       0BFD
_Lcd_Set_Cursor            text15       0DE8
_Lcd_Write_Char            text14       0C7C
_Lcd_Write_String          text13       0CE4
_OPTION_REGbits            (abs)        0081
_OSCCONbits                (abs)        008F
_PEIE                      (abs)        005E
_PIR1bits                  (abs)        000C
_PORTA                     (abs)        0005
_PORTAbits                 (abs)        0005
_PORTB                     (abs)        0006
_PORTBbits                 (abs)        0006
_PORTC                     (abs)        0007
_PORTD                     (abs)        0008
_PORTE                     (abs)        0009
_POS1                      bssBANK0     006E
_POS1_BZ                   bssBANK0     0066
_POS1_LDR                  bssCOMMON    007D
_POS1_TMP                  bssBANK0     0069
_POS2                      bssBANK0     006D
_POS2_BZ                   bssBANK0     0065
_POS2_LDR                  bssBANK0     006B
_POS2_TMP                  bssBANK0     0068
_POS3                      bssBANK0     006C
_POS3_BZ                   bssBANK0     0064
_POS3_LDR                  bssBANK0     006A
_POS3_TMP                  bssBANK0     0067
_PR2                       (abs)        0092
_RCREG                     (abs)        001A
_RCSTAbits                 (abs)        0018
_RC_temp                   bssBANK0     0062
_RE0                       (abs)        0048
_RE1                       (abs)        0049
_SPBRG                     (abs)        0099
_SPBRGH                    (abs)        009A
_SSPADD                    (abs)        0093
_SSPBUF                    (abs)        0013
_SSPCON                    (abs)        0014
_SSPCON2                   (abs)        0091
_SSPCON2bits               (abs)        0091
_SSPIE                     (abs)        0463
_SSPIF                     (abs)        0063
_SSPSTAT                   (abs)        0094
_T2CONbits                 (abs)        0012
_TMR0                      (abs)        0001
_TRISA                     (abs)        0085
_TRISB                     (abs)        0086
_TRISC3                    (abs)        043B
_TRISC4                    (abs)        043C
_TRISCbits                 (abs)        0087
_TRISD                     (abs)        0088
_TRISE                     (abs)        0089
_TXIE                      (abs)        0464
_TXIF                      (abs)        0064
_TXREG                     (abs)        0019
_TXSTAbits                 (abs)        0098
_T_byte1                   bssBANK1     00A0
_VAL                       text10       0F10
__Habs1                    abs1         0000
__Hbank0                   bank0        0000
__Hbank1                   bank1        0000
__Hbank2                   bank2        0000
__Hbank3                   bank3        0000
__HbssBANK0                bssBANK0     0000
__HbssBANK1                bssBANK1     0000
__HbssCOMMON               bssCOMMON    0000
__Hcinit                   cinit        002E
__Hclrtext                 clrtext      0000
__Hcode                    code         0000
__Hcommon                  common       0000
__Hconfig                  config       2009
__HcstackBANK0             cstackBANK0  0000
__HcstackCOMMON            cstackCOMMON 0000
__HdataBANK0               dataBANK0    0000
__Heeprom_data             eeprom_data  0000
__Hend_init                end_init     0011
__Hfunctab                 functab      0000
__HidataBANK0              idataBANK0   0000
__Hinit                    init         000E
__Hintentry                intentry     000E
__Hmaintext                maintext     0000
__Hpowerup                 powerup      0000
__Hram                     ram          0000
__Hreset_vec               reset_vec    0003
__Hsfr0                    sfr0         0000
__Hsfr1                    sfr1         0000
__Hsfr2                    sfr2         0000
__Hsfr3                    sfr3         0000
__Hspace_0                 (abs)        1000
__Hspace_1                 (abs)        00A5
__Hspace_2                 (abs)        0000
__Hspace_3                 (abs)        0000
__Hspace_4                 (abs)        4010
__Hstack                   stack        0000
__Hstrings                 strings      0000
__Htext                    text         0000
__Labs1                    abs1         0000
__Lbank0                   bank0        0000
__Lbank1                   bank1        0000
__Lbank2                   bank2        0000
__Lbank3                   bank3        0000
__LbssBANK0                bssBANK0     0000
__LbssBANK1                bssBANK1     0000
__LbssCOMMON               bssCOMMON    0000
__Lcinit                   cinit        0011
__Lclrtext                 clrtext      0000
__Lcode                    code         0000
__Lcommon                  common       0000
__Lconfig                  config       0000
__LcstackBANK0             cstackBANK0  0000
__LcstackCOMMON            cstackCOMMON 0000
__LdataBANK0               dataBANK0    0000
__Leeprom_data             eeprom_data  0000
__Lend_init                end_init     000E
__Lfunctab                 functab      0000
__LidataBANK0              idataBANK0   0000
__Linit                    init         000E
__Lintentry                intentry     0004
__Lmaintext                maintext     0000
__Lpowerup                 powerup      0000
__Lram                     ram          0000
__Lreset_vec               reset_vec    0000
__Lsfr0                    sfr0         0000
__Lsfr1                    sfr1         0000
__Lsfr2                    sfr2         0000
__Lsfr3                    sfr3         0000
__Lspace_0                 (abs)        0000
__Lspace_1                 (abs)        0000
__Lspace_2                 (abs)        0000
__Lspace_3                 (abs)        0000
__Lspace_4                 (abs)        0000
__Lstack                   stack        0000
__Lstrings                 strings      0000
__Ltext                    text         0000
__S0                       (abs)        1000
__S1                       (abs)        00A5
__S2                       (abs)        0000
__S3                       (abs)        0000
__Umul8_16                 text9        0D0D
__Umul8_16@multiplicand    cstackBANK0  0020
__Umul8_16@multiplier      cstackBANK0  0028
__Umul8_16@product         cstackBANK0  0024
__Umul8_16@word_mpld       cstackBANK0  0026
___bmul                    text26       0C4B
___bmul@multiplicand       cstackCOMMON 0070
___bmul@multiplier         cstackCOMMON 0073
___bmul@product            cstackCOMMON 0072
___flmul                   text8        002E
___flmul@a                 cstackBANK0  0032
___flmul@aexp              cstackBANK0  0040
___flmul@b                 cstackBANK0  002E
___flmul@bexp              cstackBANK0  0041
___flmul@grs               cstackBANK0  003C
___flmul@prod              cstackBANK0  0042
___flmul@sign              cstackBANK0  003B
___flmul@temp              cstackBANK0  0046
___fltol                   text7        0F84
___fltol@exp1              cstackBANK0  0052
___fltol@f1                cstackBANK0  0048
___fltol@sign1             cstackBANK0  0051
___int_sp                  stack        0000
___latbits                 (abs)        0002
___lldiv                   text3        0E40
___lldiv@counter           cstackBANK0  002D
___lldiv@dividend          cstackBANK0  0024
___lldiv@divisor           cstackBANK0  0020
___lldiv@quotient          cstackBANK0  0029
___lwdiv                   text12       0DA2
___lwdiv@counter           cstackBANK0  0027
___lwdiv@dividend          cstackBANK0  0022
___lwdiv@divisor           cstackBANK0  0020
___lwdiv@quotient          cstackBANK0  0025
___sp                      stack        0000
___stackhi                 (abs)        0000
___stacklo                 (abs)        0000
___wmul                    text11       0CBD
___wmul@multiplicand       cstackBANK0  0022
___wmul@multiplier         cstackBANK0  0020
___wmul@product            cstackBANK0  0024
___xxtofl                  text6        06ED
___xxtofl@arg              cstackBANK0  002A
___xxtofl@exp              cstackBANK0  0029
___xxtofl@sign             cstackBANK0  0028
___xxtofl@val              cstackBANK0  0020
__end_of_I2C_Master_Init   text2        0DA2
__end_of_I2C_Master_Read   text23       0D68
__end_of_I2C_Master_Start  text22       0C14
__end_of_I2C_Master_Stop   text21       0800
__end_of_I2C_Master_Wait   text24       0C2B
__end_of_I2C_Master_Write  text20       0C1E
__end_of_Lcd_Clear         text17       0C38
__end_of_Lcd_Cmd           text18       0C7C
__end_of_Lcd_Init          text16       07F7
__end_of_Lcd_Port          text19       0C03
__end_of_Lcd_Set_Cursor    text15       0E40
__end_of_Lcd_Write_Char    text14       0C9C
__end_of_Lcd_Write_String  text13       0D0D
__end_of_VAL               text10       0F84
__end_of__Umul8_16         text9        0D36
__end_of___bmul            text26       0C60
__end_of___flmul           text8        038F
__end_of___fltol           text7        1000
__end_of___lldiv           text3        0EA8
__end_of___lwdiv           text12       0DE8
__end_of___wmul            text11       0CE4
__end_of___xxtofl          text6        07A9
__end_of__initialization   cinit        002A
__end_of__stringtab        strings      0806
__end_of_alarmaBuzzer      text5        0CBD
__end_of_isr               text25       06ED
__end_of_main              maintext     058B
__end_of_moverVentilador   text4        0C4B
__end_of_setup             text1        0F10
__initialization           cinit        0011
__pbssBANK0                bssBANK0     0056
__pbssBANK1                bssBANK1     00A0
__pbssCOMMON               bssCOMMON    007B
__pcstackBANK0             cstackBANK0  0020
__pcstackCOMMON            cstackCOMMON 0070
__pdataBANK0               dataBANK0    006F
__pidataBANK0              idataBANK0   0003
__pintentry                intentry     0004
__pmaintext                maintext     038F
__pstrings                 strings      0800
__ptext1                   text1        0EA8
__ptext10                  text10       0F10
__ptext11                  text11       0CBD
__ptext12                  text12       0DA2
__ptext13                  text13       0CE4
__ptext14                  text14       0C7C
__ptext15                  text15       0DE8
__ptext16                  text16       07A9
__ptext17                  text17       0C2B
__ptext18                  text18       0C60
__ptext19                  text19       0BFD
__ptext2                   text2        0D68
__ptext20                  text20       0C14
__ptext21                  text21       07F7
__ptext22                  text22       0C0B
__ptext23                  text23       0D36
__ptext24                  text24       0C1E
__ptext25                  text25       058B
__ptext26                  text26       0C4B
__ptext3                   text3        0E40
__ptext4                   text4        0C38
__ptext5                   text5        0C9C
__ptext6                   text6        06ED
__ptext7                   text7        0F84
__ptext8                   text8        002E
__ptext9                   text9        0D0D
__size_of_I2C_Master_Init  (abs)        0000
__size_of_I2C_Master_Read  (abs)        0000
__size_of_I2C_Master_Start (abs)        0000
__size_of_I2C_Master_Stop  (abs)        0000
__size_of_I2C_Master_Wait  (abs)        0000
__size_of_I2C_Master_Write (abs)        0000
__size_of_Lcd_Clear        (abs)        0000
__size_of_Lcd_Cmd          (abs)        0000
__size_of_Lcd_Init         (abs)        0000
__size_of_Lcd_Port         (abs)        0000
__size_of_Lcd_Set_Cursor   (abs)        0000
__size_of_Lcd_Write_Char   (abs)        0000
__size_of_Lcd_Write_String (abs)        0000
__size_of_VAL              (abs)        0000
__size_of__Umul8_16        (abs)        0000
__size_of___bmul           (abs)        0000
__size_of___flmul          (abs)        0000
__size_of___fltol          (abs)        0000
__size_of___lldiv          (abs)        0000
__size_of___lwdiv          (abs)        0000
__size_of___wmul           (abs)        0000
__size_of___xxtofl         (abs)        0000
__size_of_alarmaBuzzer     (abs)        0000
__size_of_isr              (abs)        0000
__size_of_main             (abs)        0000
__size_of_moverVentilador  (abs)        0000
__size_of_setup            (abs)        0000
__stringbase               strings      0805
__stringtab                strings      0800
_alarma                    bssBANK0     0063
_alarmaBuzzer              text5        0C9C
_bandera_buzzer            bssBANK0     005D
_c_flag                    bssBANK0     005B
_cont                      bssBANK0     005E
_contador                  bssBANK0     0061
_d_flag                    bssBANK0     005C
_decena                    bssBANK0     0059
_guia                      bssCOMMON    007C
_isr                       text25       058B
_main                      maintext     038F
_moverVentilador           text4        0C38
_setup                     text1        0EA8
_u_flag                    dataBANK0    006F
_unidad                    bssBANK0     005A
_val_USART                 bssCOMMON    007B
_valor_ADC                 bssBANK0     0056
_valor_Servo               bssBANK0     0058
btemp                      (abs)        007E
clear_ram0                 clrtext      0C03
end_of_initialization      cinit        002A
interrupt_function         intentry     0004
intlevel0                  functab      0000
intlevel1                  functab      0000
intlevel2                  functab      0000
intlevel3                  functab      0000
intlevel4                  functab      0000
intlevel5                  functab      0000
reset_vec                  reset_vec    0000
saved_w                    (abs)        007E
start                      init         000E
start_initialization       cinit        0011
wtemp0                     (abs)        007E


FUNCTION INFORMATION:

 *************** function _main *****************
 Defined at:
		line 214 in file "master_main.c"
 Parameters:    Size  Location     Type
		None
 Auto vars:     Size  Location     Type
		None
 Return value:  Size  Location     Type
                  1    wreg      void 
 Registers used:
		wreg, fsr0l, fsr0h, status,2, status,0, btemp+1, pclath, cstack
 Tracked objects:
		On entry : 
		On exit  : 
		Unchanged: 
 Data sizes:     COMMON   BANK0   BANK1   BANK3   BANK2
      Params:         0       0       0       0       0
      Locals:         0       0       0       0       0
      Temps:          0       3       0       0       0
      Totals:         0       3       0       0       0
Total ram usage:        3 bytes
 Hardware stack levels required when called:    5
 This function calls:
		_I2C_Master_Read
		_I2C_Master_Start
		_I2C_Master_Stop
		_I2C_Master_Write
		_Lcd_Clear
		_Lcd_Init
		_Lcd_Set_Cursor
		_Lcd_Write_Char
		_Lcd_Write_String
		_VAL
		___flmul
		___fltol
		___xxtofl
		_alarmaBuzzer
		_moverVentilador
		_setup
 This function is called by:
		Startup code after reset
 This function uses a non-reentrant model


 *************** function _setup *****************
 Defined at:
		line 316 in file "master_main.c"
 Parameters:    Size  Location     Type
		None
 Auto vars:     Size  Location     Type
		None
 Return value:  Size  Location     Type
                  1    wreg      void 
 Registers used:
		wreg, status,2, status,0, pclath, cstack
 Tracked objects:
		On entry : 
		On exit  : 
		Unchanged: 
 Data sizes:     COMMON   BANK0   BANK1   BANK3   BANK2
      Params:         0       0       0       0       0
      Locals:         0       0       0       0       0
      Temps:          0       0       0       0       0
      Totals:         0       0       0       0       0
Total ram usage:        0 bytes
 Hardware stack levels used:    1
 Hardware stack levels required when called:    4
 This function calls:
		_I2C_Master_Init
 This function is called by:
		_main
 This function uses a non-reentrant model


 *************** function _I2C_Master_Init *****************
 Defined at:
		line 16 in file "I2C.c"
 Parameters:    Size  Location     Type
  c               4   14[BANK0 ] const unsigned long 
 Auto vars:     Size  Location     Type
		None
 Return value:  Size  Location     Type
                  1    wreg      void 
 Registers used:
		wreg, status,2, status,0, pclath, cstack
 Tracked objects:
		On entry : 
		On exit  : 
		Unchanged: 
 Data sizes:     COMMON   BANK0   BANK1   BANK3   BANK2
      Params:         0       4       0       0       0
      Locals:         0       0       0       0       0
      Temps:          0       4       0       0       0
      Totals:         0       8       0       0       0
Total ram usage:        8 bytes
 Hardware stack levels used:    1
 Hardware stack levels required when called:    3
 This function calls:
		___lldiv
 This function is called by:
		_setup
 This function uses a non-reentrant model


 *************** function ___lldiv *****************
 Defined at:
		line 5 in file "C:\Program Files\Microchip\xc8\v2.31\pic\sources\c90\common\__lldiv.c"
 Parameters:    Size  Location     Type
  divisor         4    0[BANK0 ] unsigned long 
  dividend        4    4[BANK0 ] unsigned long 
 Auto vars:     Size  Location     Type
  quotient        4    9[BANK0 ] unsigned long 
  counter         1   13[BANK0 ] unsigned char 
 Return value:  Size  Location     Type
                  4    0[BANK0 ] unsigned long 
 Registers used:
		wreg, status,2, status,0
 Tracked objects:
		On entry : 
		On exit  : 
		Unchanged: 
 Data sizes:     COMMON   BANK0   BANK1   BANK3   BANK2
      Params:         0       8       0       0       0
      Locals:         0       5       0       0       0
      Temps:          0       1       0       0       0
      Totals:         0      14       0       0       0
Total ram usage:       14 bytes
 Hardware stack levels used:    1
 Hardware stack levels required when called:    2
 This function calls:
		Nothing
 This function is called by:
		_I2C_Master_Init
 This function uses a non-reentrant model


 *************** function _moverVentilador *****************
 Defined at:
		line 410 in file "master_main.c"
 Parameters:    Size  Location     Type
		None
 Auto vars:     Size  Location     Type
		None
 Return value:  Size  Location     Type
                  1    wreg      void 
 Registers used:
		wreg
 Tracked objects:
		On entry : 
		On exit  : 
		Unchanged: 
 Data sizes:     COMMON   BANK0   BANK1   BANK3   BANK2
      Params:         0       0       0       0       0
      Locals:         0       0       0       0       0
      Temps:          0       0       0       0       0
      Totals:         0       0       0       0       0
Total ram usage:        0 bytes
 Hardware stack levels used:    1
 Hardware stack levels required when called:    2
 This function calls:
		Nothing
 This function is called by:
		_main
 This function uses a non-reentrant model


 *************** function _alarmaBuzzer *****************
 Defined at:
		line 418 in file "master_main.c"
 Parameters:    Size  Location     Type
		None
 Auto vars:     Size  Location     Type
		None
 Return value:  Size  Location     Type
                  1    wreg      void 
 Registers used:
		wreg
 Tracked objects:
		On entry : 
		On exit  : 
		Unchanged: 
 Data sizes:     COMMON   BANK0   BANK1   BANK3   BANK2
      Params:         0       0       0       0       0
      Locals:         0       0       0       0       0
      Temps:          0       3       0       0       0
      Totals:         0       3       0       0       0
Total ram usage:        3 bytes
 Hardware stack levels used:    1
 Hardware stack levels required when called:    2
 This function calls:
		Nothing
 This function is called by:
		_main
 This function uses a non-reentrant model


 *************** function ___xxtofl *****************
 Defined at:
		line 10 in file "C:\Program Files\Microchip\xc8\v2.31\pic\sources\c90\common\xxtofl.c"
 Parameters:    Size  Location     Type
  sign            1    wreg     unsigned char 
  val             4    0[BANK0 ] long 
 Auto vars:     Size  Location     Type
  sign            1    8[BANK0 ] unsigned char 
  arg             4   10[BANK0 ] unsigned long 
  exp             1    9[BANK0 ] unsigned char 
 Return value:  Size  Location     Type
                  4    0[BANK0 ] unsigned char 
 Registers used:
		wreg, status,2, status,0
 Tracked objects:
		On entry : 
		On exit  : 
		Unchanged: 
 Data sizes:     COMMON   BANK0   BANK1   BANK3   BANK2
      Params:         0       4       0       0       0
      Locals:         0       6       0       0       0
      Temps:          0       4       0       0       0
      Totals:         0      14       0       0       0
Total ram usage:       14 bytes
 Hardware stack levels used:    1
 Hardware stack levels required when called:    2
 This function calls:
		Nothing
 This function is called by:
		_main
 This function uses a non-reentrant model


 *************** function ___fltol *****************
 Defined at:
		line 43 in file "C:\Program Files\Microchip\xc8\v2.31\pic\sources\c90\common\fltol.c"
 Parameters:    Size  Location     Type
  f1              4   40[BANK0 ] unsigned char 
 Auto vars:     Size  Location     Type
  exp1            1   50[BANK0 ] unsigned char 
  sign1           1   49[BANK0 ] unsigned char 
 Return value:  Size  Location     Type
                  4   40[BANK0 ] long 
 Registers used:
		wreg, status,2, status,0
 Tracked objects:
		On entry : 
		On exit  : 
		Unchanged: 
 Data sizes:     COMMON   BANK0   BANK1   BANK3   BANK2
      Params:         0       4       0       0       0
      Locals:         0       2       0       0       0
      Temps:          0       5       0       0       0
      Totals:         0      11       0       0       0
Total ram usage:       11 bytes
 Hardware stack levels used:    1
 Hardware stack levels required when called:    2
 This function calls:
		Nothing
 This function is called by:
		_main
 This function uses a non-reentrant model


 *************** function ___flmul *****************
 Defined at:
		line 8 in file "C:\Program Files\Microchip\xc8\v2.31\pic\sources\c90\common\sprcmul.c"
 Parameters:    Size  Location     Type
  b               4   14[BANK0 ] long 
  a               4   18[BANK0 ] long 
 Auto vars:     Size  Location     Type
  prod            4   34[BANK0 ] struct .
  grs             4   28[BANK0 ] unsigned long 
  temp            2   38[BANK0 ] struct .
  bexp            1   33[BANK0 ] unsigned char 
  aexp            1   32[BANK0 ] unsigned char 
  sign            1   27[BANK0 ] unsigned char 
 Return value:  Size  Location     Type
                  4   14[BANK0 ] unsigned char 
 Registers used:
		wreg, status,2, status,0, btemp+1, pclath, cstack
 Tracked objects:
		On entry : 
		On exit  : 
		Unchanged: 
 Data sizes:     COMMON   BANK0   BANK1   BANK3   BANK2
      Params:         0       8       0       0       0
      Locals:         0      13       0       0       0
      Temps:          0       5       0       0       0
      Totals:         0      26       0       0       0
Total ram usage:       26 bytes
 Hardware stack levels used:    1
 Hardware stack levels required when called:    3
 This function calls:
		__Umul8_16
 This function is called by:
		_main
 This function uses a non-reentrant model


 *************** function __Umul8_16 *****************
 Defined at:
		line 4 in file "C:\Program Files\Microchip\xc8\v2.31\pic\sources\c90\common\Umul8_16.c"
 Parameters:    Size  Location     Type
  multiplier      1    wreg     unsigned char 
  multiplicand    1    0[BANK0 ] unsigned char 
 Auto vars:     Size  Location     Type
  multiplier      1    8[BANK0 ] unsigned char 
  word_mpld       2    6[BANK0 ] unsigned int 
  product         2    4[BANK0 ] unsigned int 
 Return value:  Size  Location     Type
                  2    0[BANK0 ] unsigned int 
 Registers used:
		wreg, status,2, status,0
 Tracked objects:
		On entry : 
		On exit  : 
		Unchanged: 
 Data sizes:     COMMON   BANK0   BANK1   BANK3   BANK2
      Params:         0       2       0       0       0
      Locals:         0       5       0       0       0
      Temps:          0       2       0       0       0
      Totals:         0       9       0       0       0
Total ram usage:        9 bytes
 Hardware stack levels used:    1
 Hardware stack levels required when called:    2
 This function calls:
		Nothing
 This function is called by:
		___flmul
 This function uses a non-reentrant model


 *************** function _VAL *****************
 Defined at:
		line 395 in file "master_main.c"
 Parameters:    Size  Location     Type
  variable        2    8[BANK0 ] unsigned int 
 Auto vars:     Size  Location     Type
  valor           2   12[BANK0 ] unsigned int 
 Return value:  Size  Location     Type
                  1    wreg      void 
 Registers used:
		wreg, status,2, status,0, pclath, cstack
 Tracked objects:
		On entry : 
		On exit  : 
		Unchanged: 
 Data sizes:     COMMON   BANK0   BANK1   BANK3   BANK2
      Params:         0       2       0       0       0
      Locals:         0       2       0       0       0
      Temps:          0       2       0       0       0
      Totals:         0       6       0       0       0
Total ram usage:        6 bytes
 Hardware stack levels used:    1
 Hardware stack levels required when called:    3
 This function calls:
		___lwdiv
		___wmul
 This function is called by:
		_main
 This function uses a non-reentrant model


 *************** function ___wmul *****************
 Defined at:
		line 15 in file "C:\Program Files\Microchip\xc8\v2.31\pic\sources\c90\common\Umul16.c"
 Parameters:    Size  Location     Type
  multiplier      2    0[BANK0 ] unsigned int 
  multiplicand    2    2[BANK0 ] unsigned int 
 Auto vars:     Size  Location     Type
  product         2    4[BANK0 ] unsigned int 
 Return value:  Size  Location     Type
                  2    0[BANK0 ] unsigned int 
 Registers used:
		wreg, status,2, status,0
 Tracked objects:
		On entry : 
		On exit  : 
		Unchanged: 
 Data sizes:     COMMON   BANK0   BANK1   BANK3   BANK2
      Params:         0       4       0       0       0
      Locals:         0       2       0       0       0
      Temps:          0       0       0       0       0
      Totals:         0       6       0       0       0
Total ram usage:        6 bytes
 Hardware stack levels used:    1
 Hardware stack levels required when called:    2
 This function calls:
		Nothing
 This function is called by:
		_VAL
 This function uses a non-reentrant model


 *************** function ___lwdiv *****************
 Defined at:
		line 5 in file "C:\Program Files\Microchip\xc8\v2.31\pic\sources\c90\common\lwdiv.c"
 Parameters:    Size  Location     Type
  divisor         2    0[BANK0 ] unsigned int 
  dividend        2    2[BANK0 ] unsigned int 
 Auto vars:     Size  Location     Type
  quotient        2    5[BANK0 ] unsigned int 
  counter         1    7[BANK0 ] unsigned char 
 Return value:  Size  Location     Type
                  2    0[BANK0 ] unsigned int 
 Registers used:
		wreg, status,2, status,0
 Tracked objects:
		On entry : 
		On exit  : 
		Unchanged: 
 Data sizes:     COMMON   BANK0   BANK1   BANK3   BANK2
      Params:         0       4       0       0       0
      Locals:         0       3       0       0       0
      Temps:          0       1       0       0       0
      Totals:         0       8       0       0       0
Total ram usage:        8 bytes
 Hardware stack levels used:    1
 Hardware stack levels required when called:    2
 This function calls:
		Nothing
 This function is called by:
		_VAL
 This function uses a non-reentrant model


 *************** function _Lcd_Write_String *****************
 Defined at:
		line 77 in file "LCD.c"
 Parameters:    Size  Location     Type
  a               1    wreg     PTR unsigned char 
		 -> STR_4(1), STR_3(5), STR_2(3), STR_1(17), 
 Auto vars:     Size  Location     Type
  a               1    7[BANK0 ] PTR unsigned char 
		 -> STR_4(1), STR_3(5), STR_2(3), STR_1(17), 
  i               2    5[BANK0 ] int 
 Return value:  Size  Location     Type
                  1    wreg      void 
 Registers used:
		wreg, fsr0l, fsr0h, status,2, status,0, pclath, cstack
 Tracked objects:
		On entry : 
		On exit  : 
		Unchanged: 
 Data sizes:     COMMON   BANK0   BANK1   BANK3   BANK2
      Params:         0       0       0       0       0
      Locals:         0       3       0       0       0
      Temps:          0       0       0       0       0
      Totals:         0       3       0       0       0
Total ram usage:        3 bytes
 Hardware stack levels used:    1
 Hardware stack levels required when called:    4
 This function calls:
		_Lcd_Write_Char
 This function is called by:
		_main
 This function uses a non-reentrant model


 *************** function _Lcd_Write_Char *****************
 Defined at:
		line 65 in file "LCD.c"
 Parameters:    Size  Location     Type
  a               1    wreg     unsigned char 
 Auto vars:     Size  Location     Type
  a               1    2[BANK0 ] unsigned char 
  y               1    4[BANK0 ] unsigned char 
  temp            1    3[BANK0 ] unsigned char 
 Return value:  Size  Location     Type
                  1    wreg      void 
 Registers used:
		wreg, status,2, status,0, pclath, cstack
 Tracked objects:
		On entry : 
		On exit  : 
		Unchanged: 
 Data sizes:     COMMON   BANK0   BANK1   BANK3   BANK2
      Params:         0       0       0       0       0
      Locals:         0       3       0       0       0
      Temps:          0       1       0       0       0
      Totals:         0       4       0       0       0
Total ram usage:        4 bytes
 Hardware stack levels used:    1
 Hardware stack levels required when called:    3
 This function calls:
		_Lcd_Port
 This function is called by:
		_Lcd_Write_String
		_main
 This function uses a non-reentrant model


 *************** function _Lcd_Set_Cursor *****************
 Defined at:
		line 30 in file "LCD.c"
 Parameters:    Size  Location     Type
  a               1    wreg     unsigned char 
  b               1    4[BANK0 ] unsigned char 
 Auto vars:     Size  Location     Type
  a               1    7[BANK0 ] unsigned char 
  temp            1   10[BANK0 ] unsigned char 
  y               1    9[BANK0 ] unsigned char 
  z               1    8[BANK0 ] unsigned char 
 Return value:  Size  Location     Type
                  1    wreg      void 
 Registers used:
		wreg, status,2, status,0, pclath, cstack
 Tracked objects:
		On entry : 
		On exit  : 
		Unchanged: 
 Data sizes:     COMMON   BANK0   BANK1   BANK3   BANK2
      Params:         0       1       0       0       0
      Locals:         0       4       0       0       0
      Temps:          0       2       0       0       0
      Totals:         0       7       0       0       0
Total ram usage:        7 bytes
 Hardware stack levels used:    1
 Hardware stack levels required when called:    4
 This function calls:
		_Lcd_Cmd
 This function is called by:
		_main
 This function uses a non-reentrant model


 *************** function _Lcd_Init *****************
 Defined at:
		line 47 in file "LCD.c"
 Parameters:    Size  Location     Type
		None
 Auto vars:     Size  Location     Type
		None
 Return value:  Size  Location     Type
                  1    wreg      void 
 Registers used:
		wreg, status,2, status,0, pclath, cstack
 Tracked objects:
		On entry : 
		On exit  : 
		Unchanged: 
 Data sizes:     COMMON   BANK0   BANK1   BANK3   BANK2
      Params:         0       0       0       0       0
      Locals:         0       0       0       0       0
      Temps:          0       2       0       0       0
      Totals:         0       2       0       0       0
Total ram usage:        2 bytes
 Hardware stack levels used:    1
 Hardware stack levels required when called:    4
 This function calls:
		_Lcd_Cmd
		_Lcd_Port
 This function is called by:
		_main
 This function uses a non-reentrant model


 *************** function _Lcd_Clear *****************
 Defined at:
		line 25 in file "LCD.c"
 Parameters:    Size  Location     Type
		None
 Auto vars:     Size  Location     Type
		None
 Return value:  Size  Location     Type
                  1    wreg      void 
 Registers used:
		wreg, status,2, status,0, pclath, cstack
 Tracked objects:
		On entry : 
		On exit  : 
		Unchanged: 
 Data sizes:     COMMON   BANK0   BANK1   BANK3   BANK2
      Params:         0       0       0       0       0
      Locals:         0       0       0       0       0
      Temps:          0       0       0       0       0
      Totals:         0       0       0       0       0
Total ram usage:        0 bytes
 Hardware stack levels used:    1
 Hardware stack levels required when called:    4
 This function calls:
		_Lcd_Cmd
 This function is called by:
		_main
 This function uses a non-reentrant model


 *************** function _Lcd_Cmd *****************
 Defined at:
		line 17 in file "LCD.c"
 Parameters:    Size  Location     Type
  a               1    wreg     unsigned char 
 Auto vars:     Size  Location     Type
  a               1    3[BANK0 ] unsigned char 
 Return value:  Size  Location     Type
                  1    wreg      void 
 Registers used:
		wreg, status,2, status,0, pclath, cstack
 Tracked objects:
		On entry : 
		On exit  : 
		Unchanged: 
 Data sizes:     COMMON   BANK0   BANK1   BANK3   BANK2
      Params:         0       0       0       0       0
      Locals:         0       1       0       0       0
      Temps:          0       2       0       0       0
      Totals:         0       3       0       0       0
Total ram usage:        3 bytes
 Hardware stack levels used:    1
 Hardware stack levels required when called:    3
 This function calls:
		_Lcd_Port
 This function is called by:
		_Lcd_Clear
		_Lcd_Set_Cursor
		_Lcd_Init
		_Lcd_Shift_Right
		_Lcd_Shift_Left
 This function uses a non-reentrant model


 *************** function _Lcd_Port *****************
 Defined at:
		line 12 in file "LCD.c"
 Parameters:    Size  Location     Type
  a               1    wreg     unsigned char 
 Auto vars:     Size  Location     Type
  a               1    0[BANK0 ] unsigned char 
 Return value:  Size  Location     Type
                  1    wreg      void 
 Registers used:
		wreg
 Tracked objects:
		On entry : 
		On exit  : 
		Unchanged: 
 Data sizes:     COMMON   BANK0   BANK1   BANK3   BANK2
      Params:         0       0       0       0       0
      Locals:         0       1       0       0       0
      Temps:          0       0       0       0       0
      Totals:         0       1       0       0       0
Total ram usage:        1 bytes
 Hardware stack levels used:    1
 Hardware stack levels required when called:    2
 This function calls:
		Nothing
 This function is called by:
		_Lcd_Cmd
		_Lcd_Init
		_Lcd_Write_Char
 This function uses a non-reentrant model


 *************** function _I2C_Master_Write *****************
 Defined at:
		line 65 in file "I2C.c"
 Parameters:    Size  Location     Type
  d               2    0[BANK0 ] unsigned int 
 Auto vars:     Size  Location     Type
		None
 Return value:  Size  Location     Type
                  1    wreg      void 
 Registers used:
		wreg, status,2, status,0, pclath, cstack
 Tracked objects:
		On entry : 
		On exit  : 
		Unchanged: 
 Data sizes:     COMMON   BANK0   BANK1   BANK3   BANK2
      Params:         0       2       0       0       0
      Locals:         0       0       0       0       0
      Temps:          0       0       0       0       0
      Totals:         0       2       0       0       0
Total ram usage:        2 bytes
 Hardware stack levels used:    1
 Hardware stack levels required when called:    3
 This function calls:
		_I2C_Master_Wait
 This function is called by:
		_main
 This function uses a non-reentrant model


 *************** function _I2C_Master_Stop *****************
 Defined at:
		line 55 in file "I2C.c"
 Parameters:    Size  Location     Type
		None
 Auto vars:     Size  Location     Type
		None
 Return value:  Size  Location     Type
                  1    wreg      void 
 Registers used:
		wreg, status,2, status,0, pclath, cstack
 Tracked objects:
		On entry : 
		On exit  : 
		Unchanged: 
 Data sizes:     COMMON   BANK0   BANK1   BANK3   BANK2
      Params:         0       0       0       0       0
      Locals:         0       0       0       0       0
      Temps:          0       0       0       0       0
      Totals:         0       0       0       0       0
Total ram usage:        0 bytes
 Hardware stack levels used:    1
 Hardware stack levels required when called:    3
 This function calls:
		_I2C_Master_Wait
 This function is called by:
		_main
 This function uses a non-reentrant model


 *************** function _I2C_Master_Start *****************
 Defined at:
		line 39 in file "I2C.c"
 Parameters:    Size  Location     Type
		None
 Auto vars:     Size  Location     Type
		None
 Return value:  Size  Location     Type
                  1    wreg      void 
 Registers used:
		wreg, status,2, status,0, pclath, cstack
 Tracked objects:
		On entry : 
		On exit  : 
		Unchanged: 
 Data sizes:     COMMON   BANK0   BANK1   BANK3   BANK2
      Params:         0       0       0       0       0
      Locals:         0       0       0       0       0
      Temps:          0       0       0       0       0
      Totals:         0       0       0       0       0
Total ram usage:        0 bytes
 Hardware stack levels used:    1
 Hardware stack levels required when called:    3
 This function calls:
		_I2C_Master_Wait
 This function is called by:
		_main
 This function uses a non-reentrant model


 *************** function _I2C_Master_Read *****************
 Defined at:
		line 74 in file "I2C.c"
 Parameters:    Size  Location     Type
  a               2    0[BANK0 ] unsigned short 
 Auto vars:     Size  Location     Type
  temp            2    4[BANK0 ] unsigned short 
 Return value:  Size  Location     Type
                  2    0[BANK0 ] unsigned short 
 Registers used:
		wreg, status,2, status,0, pclath, cstack
 Tracked objects:
		On entry : 
		On exit  : 
		Unchanged: 
 Data sizes:     COMMON   BANK0   BANK1   BANK3   BANK2
      Params:         0       2       0       0       0
      Locals:         0       2       0       0       0
      Temps:          0       2       0       0       0
      Totals:         0       6       0       0       0
Total ram usage:        6 bytes
 Hardware stack levels used:    1
 Hardware stack levels required when called:    3
 This function calls:
		_I2C_Master_Wait
 This function is called by:
		_main
 This function uses a non-reentrant model


 *************** function _I2C_Master_Wait *****************
 Defined at:
		line 32 in file "I2C.c"
 Parameters:    Size  Location     Type
		None
 Auto vars:     Size  Location     Type
		None
 Return value:  Size  Location     Type
                  1    wreg      void 
 Registers used:
		wreg, status,2
 Tracked objects:
		On entry : 
		On exit  : 
		Unchanged: 
 Data sizes:     COMMON   BANK0   BANK1   BANK3   BANK2
      Params:         0       0       0       0       0
      Locals:         0       0       0       0       0
      Temps:          0       0       0       0       0
      Totals:         0       0       0       0       0
Total ram usage:        0 bytes
 Hardware stack levels used:    1
 Hardware stack levels required when called:    2
 This function calls:
		Nothing
 This function is called by:
		_I2C_Master_Start
		_I2C_Master_Stop
		_I2C_Master_Write
		_I2C_Master_Read
		_I2C_Master_RepeatedStart
 This function uses a non-reentrant model


 *************** function _isr *****************
 Defined at:
		line 101 in file "master_main.c"
 Parameters:    Size  Location     Type
		None
 Auto vars:     Size  Location     Type
		None
 Return value:  Size  Location     Type
                  1    wreg      void 
 Registers used:
		wreg, fsr0l, fsr0h, status,2, status,0, pclath, cstack
 Tracked objects:
		On entry : 
		On exit  : 
		Unchanged: 
 Data sizes:     COMMON   BANK0   BANK1   BANK3   BANK2
      Params:         0       0       0       0       0
      Locals:         0       0       0       0       0
      Temps:          7       0       0       0       0
      Totals:         7       0       0       0       0
Total ram usage:        7 bytes
 Hardware stack levels used:    1
 Hardware stack levels required when called:    1
 This function calls:
		___bmul
 This function is called by:
		Interrupt level 1
 This function uses a non-reentrant model


 *************** function ___bmul *****************
 Defined at:
		line 4 in file "C:\Program Files\Microchip\xc8\v2.31\pic\sources\c90\common\Umul8.c"
 Parameters:    Size  Location     Type
  multiplier      1    wreg     unsigned char 
  multiplicand    1    0[COMMON] unsigned char 
 Auto vars:     Size  Location     Type
  multiplier      1    3[COMMON] unsigned char 
  product         1    2[COMMON] unsigned char 
 Return value:  Size  Location     Type
                  1    wreg      unsigned char 
 Registers used:
		wreg, status,2, status,0
 Tracked objects:
		On entry : 
		On exit  : 
		Unchanged: 
 Data sizes:     COMMON   BANK0   BANK1   BANK3   BANK2
      Params:         1       0       0       0       0
      Locals:         2       0       0       0       0
      Temps:          1       0       0       0       0
      Totals:         4       0       0       0       0
Total ram usage:        4 bytes
 Hardware stack levels used:    1
 This function calls:
		Nothing
 This function is called by:
		_isr
 This function uses a non-reentrant model



MODULE INFORMATION

Module		Function		Class		Link	Load	Size
C:\Program Files\Microchip\xc8\v2.31\pic\sources\c90\common\sprcmul.c
		___flmul       		CODE           	002E	0000	865

C:\Program Files\Microchip\xc8\v2.31\pic\sources\c90\common\sprcmul.c estimated size: 865

C:\Program Files\Microchip\xc8\v2.31\pic\sources\c90\common\__lldiv.c
		___lldiv       		CODE           	0E40	0000	104

C:\Program Files\Microchip\xc8\v2.31\pic\sources\c90\common\__lldiv.c estimated size: 104

C:\Program Files\Microchip\xc8\v2.31\pic\sources\c90\common\Umul8_16.c
		__Umul8_16     		CODE           	0D0D	0000	41

C:\Program Files\Microchip\xc8\v2.31\pic\sources\c90\common\Umul8_16.c estimated size: 41

C:\Program Files\Microchip\xc8\v2.31\pic\sources\c90\common\Umul16.c
		___wmul        		CODE           	0CBD	0000	39

C:\Program Files\Microchip\xc8\v2.31\pic\sources\c90\common\Umul16.c estimated size: 39

I2C.c
		_I2C_Master_Read		CODE           	0D36	0000	50
		_I2C_Master_Wait		CODE           	0C1E	0000	13
		_I2C_Master_Init		CODE           	0D68	0000	58
		_I2C_Master_Stop		CODE           	07F7	0000	9
		_I2C_Master_Write		CODE           	0C14	0000	10
		_I2C_Master_Start		CODE           	0C0B	0000	9

I2C.c estimated size: 149

C:\Program Files\Microchip\xc8\v2.31\pic\sources\c90\common\lwdiv.c
		___lwdiv       		CODE           	0DA2	0000	70

C:\Program Files\Microchip\xc8\v2.31\pic\sources\c90\common\lwdiv.c estimated size: 70

shared
		__stringtab    		STRING         	0800	0000	6
		__initialization		CODE           	0011	0000	25

shared estimated size: 31

C:\Program Files\Microchip\xc8\v2.31\pic\sources\c90\common\fltol.c
		___fltol       		CODE           	0F84	0000	124

C:\Program Files\Microchip\xc8\v2.31\pic\sources\c90\common\fltol.c estimated size: 124

C:\Program Files\Microchip\xc8\v2.31\pic\sources\c90\common\xxtofl.c
		___xxtofl      		CODE           	06ED	0000	188

C:\Program Files\Microchip\xc8\v2.31\pic\sources\c90\common\xxtofl.c estimated size: 188

C:\Program Files\Microchip\xc8\v2.31\pic\sources\c90\common\Umul8.c
		___bmul        		CODE           	0C4B	0000	21

C:\Program Files\Microchip\xc8\v2.31\pic\sources\c90\common\Umul8.c estimated size: 21

master_main.c
		_main          		CODE           	038F	0000	508
		_isr           		CODE           	058B	0000	354
		_moverVentilador		CODE           	0C38	0000	19
		_VAL           		CODE           	0F10	0000	116
		_setup         		CODE           	0EA8	0000	104
		_alarmaBuzzer  		CODE           	0C9C	0000	33

master_main.c estimated size: 1134

LCD.c
		_Lcd_Write_String		CODE           	0CE4	0000	41
		_Lcd_Init      		CODE           	07A9	0000	78
		_Lcd_Write_Char		CODE           	0C7C	0000	32
		_Lcd_Cmd       		CODE           	0C60	0000	28
		_Lcd_Set_Cursor		CODE           	0DE8	0000	88
		_Lcd_Clear     		CODE           	0C2B	0000	13
		_Lcd_Port      		CODE           	0BFD	0000	6

LCD.c estimated size: 286

